// Jest Snapshot v1, https://goo.gl/fbAQLP

exports[`ArticleList renders correctly 1`] = `
ShallowWrapper {
  "complexSelector": ComplexSelector {
    "buildPredicate": [Function],
    "childrenOfNode": [Function],
    "findWhereUnwrapped": [Function],
  },
  "length": 1,
  "node": <div>
    <Article(WithStore)
        article={
            Object {
                "id": "1",
              }
        }
    />
    <Article(WithStore)
        article={
            Object {
                "id": "2",
              }
        }
    />
</div>,
  "nodes": Array [
    <div>
      <Article(WithStore)
            article={
                  Object {
                        "id": "1",
                      }
            }
      />
      <Article(WithStore)
            article={
                  Object {
                        "id": "2",
                      }
            }
      />
</div>,
  ],
  "options": Object {},
  "renderer": ReactShallowRenderer {
    "_instance": ShallowComponentWrapper {
      "_calledComponentWillUnmount": false,
      "_compositeType": 2,
      "_context": Object {},
      "_currentElement": <ArticleList
        articles={
                Object {
                        "article1": Object {
                          "id": "1",
                        },
                        "article2": Object {
                          "id": "2",
                        },
                      }
        }
/>,
      "_debugID": 1,
      "_hostContainerInfo": null,
      "_hostParent": null,
      "_instance": StatelessComponent {
        "_reactInternalInstance": [Circular],
        "context": Object {},
        "props": Object {
          "articles": Object {
            "article1": Object {
              "id": "1",
            },
            "article2": Object {
              "id": "2",
            },
          },
        },
        "refs": Object {},
        "state": null,
        "updater": Object {
          "enqueueCallback": [Function],
          "enqueueCallbackInternal": [Function],
          "enqueueElementInternal": [Function],
          "enqueueForceUpdate": [Function],
          "enqueueReplaceState": [Function],
          "enqueueSetState": [Function],
          "isMounted": [Function],
          "validateCallback": [Function],
        },
      },
      "_mountOrder": 1,
      "_pendingCallbacks": null,
      "_pendingElement": null,
      "_pendingForceUpdate": false,
      "_pendingReplaceState": false,
      "_pendingStateQueue": null,
      "_renderedComponent": NoopInternalComponent {
        "_currentElement": <div>
          <Article(WithStore)
                    article={
                              Object {
                                        "id": "1",
                                      }
                    }
          />
          <Article(WithStore)
                    article={
                              Object {
                                        "id": "2",
                                      }
                    }
          />
</div>,
        "_debugID": 2,
        "_renderedOutput": <div>
          <Article(WithStore)
                    article={
                              Object {
                                        "id": "1",
                                      }
                    }
          />
          <Article(WithStore)
                    article={
                              Object {
                                        "id": "2",
                                      }
                    }
          />
</div>,
      },
      "_renderedNodeType": 0,
      "_rootNodeID": 0,
      "_topLevelWrapper": null,
      "_updateBatchNumber": null,
      "_warnedAboutRefsInRender": false,
    },
    "getRenderOutput": [Function],
    "render": [Function],
  },
  "root": [Circular],
  "unrendered": <ArticleList
    articles={
        Object {
            "article1": Object {
              "id": "1",
            },
            "article2": Object {
              "id": "2",
            },
          }
    }
/>,
}
`;
